Archive member included because of file (symbol)

c:/winavr-20100110/bin/../lib/gcc/avr/4.3.3/avr5\libgcc.a(_udivmodsi4.o)
                              ./uart.o (__udivmodsi4)
c:/winavr-20100110/bin/../lib/gcc/avr/4.3.3/avr5\libgcc.a(_exit.o)
                              c:/winavr-20100110/bin/../lib/gcc/avr/4.3.3/../../../../avr/lib/avr5/crtm32.o (exit)
c:/winavr-20100110/bin/../lib/gcc/avr/4.3.3/avr5\libgcc.a(_copy_data.o)
                              ./MC2_Test.o (__do_copy_data)
c:/winavr-20100110/bin/../lib/gcc/avr/4.3.3/avr5\libgcc.a(_clear_bss.o)
                              ./MC2_Test.o (__do_clear_bss)

Allocating common symbols
Common symbol       size              file

j                   0x1               ./MC2_Test.o
i                   0x1               ./MC2_Test.o
recievedPass        0x5               ./MC2_Test.o
storePass           0x5               ./MC2_Test.o

Memory Configuration

Name             Origin             Length             Attributes
text             0x00000000         0x00020000         xr
data             0x00800060         0x0000ffa0         rw !x
eeprom           0x00810000         0x00010000         rw !x
fuse             0x00820000         0x00000400         rw !x
lock             0x00830000         0x00000400         rw !x
signature        0x00840000         0x00000400         rw !x
*default*        0x00000000         0xffffffff

Linker script and memory map

LOAD c:/winavr-20100110/bin/../lib/gcc/avr/4.3.3/../../../../avr/lib/avr5/crtm32.o
LOAD ./Buzzer.o
LOAD ./DC_motor.o
LOAD ./MC2_Test.o
LOAD ./PWM.o
LOAD ./Timer.o
LOAD ./external_eeprom.o
LOAD ./gpio.o
LOAD ./twi.o
LOAD ./uart.o
LOAD c:/winavr-20100110/bin/../lib/gcc/avr/4.3.3/avr5\libgcc.a
LOAD c:/winavr-20100110/bin/../lib/gcc/avr/4.3.3/../../../../avr/lib/avr5\libc.a
LOAD c:/winavr-20100110/bin/../lib/gcc/avr/4.3.3/avr5\libgcc.a

.hash
 *(.hash)

.dynsym
 *(.dynsym)

.dynstr
 *(.dynstr)

.gnu.version
 *(.gnu.version)

.gnu.version_d
 *(.gnu.version_d)

.gnu.version_r
 *(.gnu.version_r)

.rel.init
 *(.rel.init)

.rela.init
 *(.rela.init)

.rel.text
 *(.rel.text)
 *(.rel.text.*)
 *(.rel.gnu.linkonce.t*)

.rela.text
 *(.rela.text)
 *(.rela.text.*)
 *(.rela.gnu.linkonce.t*)

.rel.fini
 *(.rel.fini)

.rela.fini
 *(.rela.fini)

.rel.rodata
 *(.rel.rodata)
 *(.rel.rodata.*)
 *(.rel.gnu.linkonce.r*)

.rela.rodata
 *(.rela.rodata)
 *(.rela.rodata.*)
 *(.rela.gnu.linkonce.r*)

.rel.data
 *(.rel.data)
 *(.rel.data.*)
 *(.rel.gnu.linkonce.d*)

.rela.data
 *(.rela.data)
 *(.rela.data.*)
 *(.rela.gnu.linkonce.d*)

.rel.ctors
 *(.rel.ctors)

.rela.ctors
 *(.rela.ctors)

.rel.dtors
 *(.rel.dtors)

.rela.dtors
 *(.rela.dtors)

.rel.got
 *(.rel.got)

.rela.got
 *(.rela.got)

.rel.bss
 *(.rel.bss)

.rela.bss
 *(.rela.bss)

.rel.plt
 *(.rel.plt)

.rela.plt
 *(.rela.plt)

.text           0x00000000      0xca6
 *(.vectors)
 .vectors       0x00000000       0x54 c:/winavr-20100110/bin/../lib/gcc/avr/4.3.3/../../../../avr/lib/avr5/crtm32.o
                0x00000000                __vectors
                0x00000000                __vector_default
 *(.vectors)
 *(.progmem.gcc*)
 *(.progmem*)
                0x00000054                . = ALIGN (0x2)
                0x00000054                __trampolines_start = .
 *(.trampolines)
 .trampolines   0x00000054        0x0 linker stubs
 *(.trampolines*)
                0x00000054                __trampolines_end = .
 *(.jumptables)
 *(.jumptables*)
 *(.lowtext)
 *(.lowtext*)
                0x00000054                __ctors_start = .
 *(.ctors)
                0x00000054                __ctors_end = .
                0x00000054                __dtors_start = .
 *(.dtors)
                0x00000054                __dtors_end = .
 SORT(*)(.ctors)
 SORT(*)(.dtors)
 *(.init0)
 .init0         0x00000054        0x0 c:/winavr-20100110/bin/../lib/gcc/avr/4.3.3/../../../../avr/lib/avr5/crtm32.o
                0x00000054                __init
 *(.init0)
 *(.init1)
 *(.init1)
 *(.init2)
 .init2         0x00000054        0xc c:/winavr-20100110/bin/../lib/gcc/avr/4.3.3/../../../../avr/lib/avr5/crtm32.o
 *(.init2)
 *(.init3)
 *(.init3)
 *(.init4)
 .init4         0x00000060       0x16 c:/winavr-20100110/bin/../lib/gcc/avr/4.3.3/avr5\libgcc.a(_copy_data.o)
                0x00000060                __do_copy_data
 .init4         0x00000076       0x10 c:/winavr-20100110/bin/../lib/gcc/avr/4.3.3/avr5\libgcc.a(_clear_bss.o)
                0x00000076                __do_clear_bss
 *(.init4)
 *(.init5)
 *(.init5)
 *(.init6)
 *(.init6)
 *(.init7)
 *(.init7)
 *(.init8)
 *(.init8)
 *(.init9)
 .init9         0x00000086        0x8 c:/winavr-20100110/bin/../lib/gcc/avr/4.3.3/../../../../avr/lib/avr5/crtm32.o
 *(.init9)
 *(.text)
 .text          0x0000008e        0x4 c:/winavr-20100110/bin/../lib/gcc/avr/4.3.3/../../../../avr/lib/avr5/crtm32.o
                0x0000008e                __vector_1
                0x0000008e                __vector_12
                0x0000008e                __bad_interrupt
                0x0000008e                __vector_6
                0x0000008e                __vector_3
                0x0000008e                __vector_13
                0x0000008e                __vector_17
                0x0000008e                __vector_19
                0x0000008e                __vector_2
                0x0000008e                __vector_15
                0x0000008e                __vector_8
                0x0000008e                __vector_14
                0x0000008e                __vector_16
                0x0000008e                __vector_18
                0x0000008e                __vector_20
 .text          0x00000092        0x0 ./Buzzer.o
 .text          0x00000092        0x0 ./DC_motor.o
 .text          0x00000092        0x0 ./MC2_Test.o
 .text          0x00000092        0x0 ./PWM.o
 .text          0x00000092        0x0 ./Timer.o
 .text          0x00000092        0x0 ./external_eeprom.o
 .text          0x00000092        0x0 ./gpio.o
 .text          0x00000092        0x0 ./twi.o
 .text          0x00000092        0x0 ./uart.o
 .text          0x00000092        0x0 c:/winavr-20100110/bin/../lib/gcc/avr/4.3.3/avr5\libgcc.a(_udivmodsi4.o)
 .text          0x00000092        0x0 c:/winavr-20100110/bin/../lib/gcc/avr/4.3.3/avr5\libgcc.a(_exit.o)
 .text          0x00000092        0x0 c:/winavr-20100110/bin/../lib/gcc/avr/4.3.3/avr5\libgcc.a(_copy_data.o)
 .text          0x00000092        0x0 c:/winavr-20100110/bin/../lib/gcc/avr/4.3.3/avr5\libgcc.a(_clear_bss.o)
                0x00000092                . = ALIGN (0x2)
 *(.text.*)
 .text.Buzzer_off
                0x00000092        0xc ./Buzzer.o
                0x00000092                Buzzer_off
 .text.Buzzer_on
                0x0000009e        0xc ./Buzzer.o
                0x0000009e                Buzzer_on
 .text.Buzzer_init
                0x000000aa       0x16 ./Buzzer.o
                0x000000aa                Buzzer_init
 .text.DcMotor_Rotate
                0x000000c0       0x42 ./DC_motor.o
                0x000000c0                DcMotor_Rotate
 .text.DcMotor_init
                0x00000102       0x2a ./DC_motor.o
                0x00000102                DcMotor_init
 .text.checkPasswordMatch
                0x0000012c       0x34 ./MC2_Test.o
                0x0000012c                checkPasswordMatch
 .text.timer1HandlerCallBack
                0x00000160        0xc ./MC2_Test.o
                0x00000160                timer1HandlerCallBack
 .text.updateStoredPassword
                0x0000016c       0x26 ./MC2_Test.o
                0x0000016c                updateStoredPassword
 .text.openDoorOperation
                0x00000192       0x44 ./MC2_Test.o
                0x00000192                openDoorOperation
 .text.savePassInEEProm
                0x000001d6       0x44 ./MC2_Test.o
                0x000001d6                savePassInEEProm
 .text.setPassFirstTime
                0x0000021a      0x100 ./MC2_Test.o
                0x0000021a                setPassFirstTime
 .text.main     0x0000031a      0x140 ./MC2_Test.o
                0x0000031a                main
 .text.Timer0_PWM_Init
                0x0000045a       0x16 ./PWM.o
                0x0000045a                Timer0_PWM_Init
 .text.__vector_11
                0x00000470       0x52 ./Timer.o
                0x00000470                __vector_11
 .text.__vector_10
                0x000004c2       0x52 ./Timer.o
                0x000004c2                __vector_10
 .text.__vector_9
                0x00000514       0x52 ./Timer.o
                0x00000514                __vector_9
 .text.__vector_7
                0x00000566       0x52 ./Timer.o
                0x00000566                __vector_7
 .text.__vector_5
                0x000005b8       0x52 ./Timer.o
                0x000005b8                __vector_5
 .text.__vector_4
                0x0000060a       0x52 ./Timer.o
                0x0000060a                __vector_4
 .text.Timer_deInit
                0x0000065c       0x5a ./Timer.o
                0x0000065c                Timer_deInit
 .text.Timer_setCallBack
                0x000006b6       0x20 ./Timer.o
                0x000006b6                Timer_setCallBack
 .text.Timer_init
                0x000006d6       0xfc ./Timer.o
                0x000006d6                Timer_init
 .text.EEPROM_readByte
                0x000007d2       0x8a ./external_eeprom.o
                0x000007d2                EEPROM_readByte
 .text.EEPROM_writeByte
                0x0000085c       0x62 ./external_eeprom.o
                0x0000085c                EEPROM_writeByte
 .text.GPIO_setupPinDirection
                0x000008be       0xe8 ./gpio.o
                0x000008be                GPIO_setupPinDirection
 .text.GPIO_writePin
                0x000009a6       0xe8 ./gpio.o
                0x000009a6                GPIO_writePin
 .text.GPIO_readPin
                0x00000a8e       0x3c ./gpio.o
                0x00000a8e                GPIO_readPin
 .text.GPIO_setupPortDirection
                0x00000aca       0x26 ./gpio.o
                0x00000aca                GPIO_setupPortDirection
 .text.GPIO_writePort
                0x00000af0       0x26 ./gpio.o
                0x00000af0                GPIO_writePort
 .text.GPIO_readPort
                0x00000b16       0x2a ./gpio.o
                0x00000b16                GPIO_readPort
 .text.TWI_init
                0x00000b40       0x1c ./twi.o
                0x00000b40                TWI_init
 .text.TWI_start
                0x00000b5c        0xc ./twi.o
                0x00000b5c                TWI_start
 .text.TWI_stop
                0x00000b68        0x6 ./twi.o
                0x00000b68                TWI_stop
 .text.TWI_writeByte
                0x00000b6e        0xe ./twi.o
                0x00000b6e                TWI_writeByte
 .text.TWI_readByteWithACK
                0x00000b7c        0xe ./twi.o
                0x00000b7c                TWI_readByteWithACK
 .text.TWI_readByteWithNACK
                0x00000b8a        0xe ./twi.o
                0x00000b8a                TWI_readByteWithNACK
 .text.TWI_getStatus
                0x00000b98        0x6 ./twi.o
                0x00000b98                TWI_getStatus
 .text.UART_init
                0x00000b9e       0x68 ./uart.o
                0x00000b9e                UART_init
 .text.UART_sendByte
                0x00000c06        0x8 ./uart.o
                0x00000c06                UART_sendByte
 .text.UART_recieveByte
                0x00000c0e        0x8 ./uart.o
                0x00000c0e                UART_recieveByte
 .text.UART_sendString
                0x00000c16       0x1a ./uart.o
                0x00000c16                UART_sendString
 .text.UART_receiveString
                0x00000c30       0x2e ./uart.o
                0x00000c30                UART_receiveString
 .text.libgcc   0x00000c5e       0x44 c:/winavr-20100110/bin/../lib/gcc/avr/4.3.3/avr5\libgcc.a(_udivmodsi4.o)
                0x00000c5e                __udivmodsi4
 .text.libgcc   0x00000ca2        0x0 c:/winavr-20100110/bin/../lib/gcc/avr/4.3.3/avr5\libgcc.a(_exit.o)
 .text.libgcc   0x00000ca2        0x0 c:/winavr-20100110/bin/../lib/gcc/avr/4.3.3/avr5\libgcc.a(_copy_data.o)
 .text.libgcc   0x00000ca2        0x0 c:/winavr-20100110/bin/../lib/gcc/avr/4.3.3/avr5\libgcc.a(_clear_bss.o)
                0x00000ca2                . = ALIGN (0x2)
 *(.fini9)
 .fini9         0x00000ca2        0x0 c:/winavr-20100110/bin/../lib/gcc/avr/4.3.3/avr5\libgcc.a(_exit.o)
                0x00000ca2                exit
                0x00000ca2                _exit
 *(.fini9)
 *(.fini8)
 *(.fini8)
 *(.fini7)
 *(.fini7)
 *(.fini6)
 *(.fini6)
 *(.fini5)
 *(.fini5)
 *(.fini4)
 *(.fini4)
 *(.fini3)
 *(.fini3)
 *(.fini2)
 *(.fini2)
 *(.fini1)
 *(.fini1)
 *(.fini0)
 .fini0         0x00000ca2        0x4 c:/winavr-20100110/bin/../lib/gcc/avr/4.3.3/avr5\libgcc.a(_exit.o)
 *(.fini0)
                0x00000ca6                _etext = .

.data           0x00800060       0x12 load address 0x00000ca6
                0x00800060                PROVIDE (__data_start, .)
 *(.data)
 .data          0x00800060        0x0 c:/winavr-20100110/bin/../lib/gcc/avr/4.3.3/../../../../avr/lib/avr5/crtm32.o
 .data          0x00800060        0x0 ./Buzzer.o
 .data          0x00800060        0x0 ./DC_motor.o
 .data          0x00800060        0x0 ./MC2_Test.o
 .data          0x00800060        0x0 ./PWM.o
 .data          0x00800060        0x0 ./Timer.o
 .data          0x00800060        0x0 ./external_eeprom.o
 .data          0x00800060        0x0 ./gpio.o
 .data          0x00800060        0x0 ./twi.o
 .data          0x00800060        0x0 ./uart.o
 .data          0x00800060        0x0 c:/winavr-20100110/bin/../lib/gcc/avr/4.3.3/avr5\libgcc.a(_udivmodsi4.o)
 .data          0x00800060        0x0 c:/winavr-20100110/bin/../lib/gcc/avr/4.3.3/avr5\libgcc.a(_exit.o)
 .data          0x00800060        0x0 c:/winavr-20100110/bin/../lib/gcc/avr/4.3.3/avr5\libgcc.a(_copy_data.o)
 .data          0x00800060        0x0 c:/winavr-20100110/bin/../lib/gcc/avr/4.3.3/avr5\libgcc.a(_clear_bss.o)
 *(.data*)
 *(.rodata)
 *(.rodata*)
 .rodata.C.2.1447
                0x00800060        0x3 ./MC2_Test.o
 .rodata.C.1.1446
                0x00800063        0x8 ./MC2_Test.o
 .rodata.C.0.1445
                0x0080006b        0x7 ./MC2_Test.o
 *(.gnu.linkonce.d*)
                0x00800072                . = ALIGN (0x2)
                0x00800072                _edata = .
                0x00800072                PROVIDE (__data_end, .)

.bss            0x00800072       0x14
                0x00800072                PROVIDE (__bss_start, .)
 *(.bss)
 .bss           0x00800072        0x0 c:/winavr-20100110/bin/../lib/gcc/avr/4.3.3/../../../../avr/lib/avr5/crtm32.o
 .bss           0x00800072        0x0 ./Buzzer.o
 .bss           0x00800072        0x0 ./DC_motor.o
 .bss           0x00800072        0x0 ./MC2_Test.o
 .bss           0x00800072        0x0 ./PWM.o
 .bss           0x00800072        0x0 ./Timer.o
 .bss           0x00800072        0x0 ./external_eeprom.o
 .bss           0x00800072        0x0 ./gpio.o
 .bss           0x00800072        0x0 ./twi.o
 .bss           0x00800072        0x0 ./uart.o
 .bss           0x00800072        0x0 c:/winavr-20100110/bin/../lib/gcc/avr/4.3.3/avr5\libgcc.a(_udivmodsi4.o)
 .bss           0x00800072        0x0 c:/winavr-20100110/bin/../lib/gcc/avr/4.3.3/avr5\libgcc.a(_exit.o)
 .bss           0x00800072        0x0 c:/winavr-20100110/bin/../lib/gcc/avr/4.3.3/avr5\libgcc.a(_copy_data.o)
 .bss           0x00800072        0x0 c:/winavr-20100110/bin/../lib/gcc/avr/4.3.3/avr5\libgcc.a(_clear_bss.o)
 *(.bss*)
 .bss.wrongPassTrials
                0x00800072        0x1 ./MC2_Test.o
                0x00800072                wrongPassTrials
 .bss.g_seconds
                0x00800073        0x1 ./MC2_Test.o
                0x00800073                g_seconds
 .bss.g_callBackPtr0
                0x00800074        0x2 ./Timer.o
 .bss.g_callBackPtr2
                0x00800076        0x2 ./Timer.o
 .bss.g_callBackPtr1
                0x00800078        0x2 ./Timer.o
 *(COMMON)
 COMMON         0x0080007a        0xc ./MC2_Test.o
                0x0080007a                j
                0x0080007b                i
                0x0080007c                recievedPass
                0x00800081                storePass
                0x00800086                PROVIDE (__bss_end, .)
                0x00000ca6                __data_load_start = LOADADDR (.data)
                0x00000cb8                __data_load_end = (__data_load_start + SIZEOF (.data))

.noinit         0x00800086        0x0
                0x00800086                PROVIDE (__noinit_start, .)
 *(.noinit*)
                0x00800086                PROVIDE (__noinit_end, .)
                0x00800086                _end = .
                0x00800086                PROVIDE (__heap_start, .)

.eeprom         0x00810000        0x0
 *(.eeprom*)
                0x00810000                __eeprom_end = .

.fuse
 *(.fuse)
 *(.lfuse)
 *(.hfuse)
 *(.efuse)

.lock
 *(.lock*)

.signature
 *(.signature*)

.stab
 *(.stab)

.stabstr
 *(.stabstr)

.stab.excl
 *(.stab.excl)

.stab.exclstr
 *(.stab.exclstr)

.stab.index
 *(.stab.index)

.stab.indexstr
 *(.stab.indexstr)

.comment
 *(.comment)

.debug
 *(.debug)

.line
 *(.line)

.debug_srcinfo
 *(.debug_srcinfo)

.debug_sfnames
 *(.debug_sfnames)

.debug_aranges
 *(.debug_aranges)

.debug_pubnames
 *(.debug_pubnames)

.debug_info
 *(.debug_info)
 *(.gnu.linkonce.wi.*)

.debug_abbrev
 *(.debug_abbrev)

.debug_line
 *(.debug_line)

.debug_frame
 *(.debug_frame)

.debug_str
 *(.debug_str)

.debug_loc
 *(.debug_loc)

.debug_macinfo
 *(.debug_macinfo)
OUTPUT(Final_Project_MC2_Control_ECU.elf elf32-avr)
LOAD linker stubs
