Archive member included because of file (symbol)

c:/winavr-20100110/bin/../lib/gcc/avr/4.3.3/avr5\libgcc.a(_udivmodsi4.o)
                              ./uart.o (__udivmodsi4)
c:/winavr-20100110/bin/../lib/gcc/avr/4.3.3/avr5\libgcc.a(_exit.o)
                              c:/winavr-20100110/bin/../lib/gcc/avr/4.3.3/../../../../avr/lib/avr5/crtm32.o (exit)
c:/winavr-20100110/bin/../lib/gcc/avr/4.3.3/avr5\libgcc.a(_copy_data.o)
                              ./MC1_Test.o (__do_copy_data)
c:/winavr-20100110/bin/../lib/gcc/avr/4.3.3/avr5\libgcc.a(_clear_bss.o)
                              ./MC1_Test.o (__do_clear_bss)
c:/winavr-20100110/bin/../lib/gcc/avr/4.3.3/../../../../avr/lib/avr5\libc.a(itoa.o)
                              ./lcd.o (itoa)
c:/winavr-20100110/bin/../lib/gcc/avr/4.3.3/../../../../avr/lib/avr5\libc.a(strrev.o)
                              c:/winavr-20100110/bin/../lib/gcc/avr/4.3.3/../../../../avr/lib/avr5\libc.a(itoa.o) (strrev)
c:/winavr-20100110/bin/../lib/gcc/avr/4.3.3/avr5\libgcc.a(_udivmodhi4.o)
                              c:/winavr-20100110/bin/../lib/gcc/avr/4.3.3/../../../../avr/lib/avr5\libc.a(itoa.o) (__udivmodhi4)

Allocating common symbols
Common symbol       size              file

input_pass          0x5               ./MC1_Test.o

Memory Configuration

Name             Origin             Length             Attributes
text             0x00000000         0x00020000         xr
data             0x00800060         0x0000ffa0         rw !x
eeprom           0x00810000         0x00010000         rw !x
fuse             0x00820000         0x00000400         rw !x
lock             0x00830000         0x00000400         rw !x
signature        0x00840000         0x00000400         rw !x
*default*        0x00000000         0xffffffff

Linker script and memory map

LOAD c:/winavr-20100110/bin/../lib/gcc/avr/4.3.3/../../../../avr/lib/avr5/crtm32.o
LOAD ./MC1_Test.o
LOAD ./Timer.o
LOAD ./gpio.o
LOAD ./keypad.o
LOAD ./lcd.o
LOAD ./uart.o
LOAD c:/winavr-20100110/bin/../lib/gcc/avr/4.3.3/avr5\libgcc.a
LOAD c:/winavr-20100110/bin/../lib/gcc/avr/4.3.3/../../../../avr/lib/avr5\libc.a
LOAD c:/winavr-20100110/bin/../lib/gcc/avr/4.3.3/avr5\libgcc.a

.hash
 *(.hash)

.dynsym
 *(.dynsym)

.dynstr
 *(.dynstr)

.gnu.version
 *(.gnu.version)

.gnu.version_d
 *(.gnu.version_d)

.gnu.version_r
 *(.gnu.version_r)

.rel.init
 *(.rel.init)

.rela.init
 *(.rela.init)

.rel.text
 *(.rel.text)
 *(.rel.text.*)
 *(.rel.gnu.linkonce.t*)

.rela.text
 *(.rela.text)
 *(.rela.text.*)
 *(.rela.gnu.linkonce.t*)

.rel.fini
 *(.rel.fini)

.rela.fini
 *(.rela.fini)

.rel.rodata
 *(.rel.rodata)
 *(.rel.rodata.*)
 *(.rel.gnu.linkonce.r*)

.rela.rodata
 *(.rela.rodata)
 *(.rela.rodata.*)
 *(.rela.gnu.linkonce.r*)

.rel.data
 *(.rel.data)
 *(.rel.data.*)
 *(.rel.gnu.linkonce.d*)

.rela.data
 *(.rela.data)
 *(.rela.data.*)
 *(.rela.gnu.linkonce.d*)

.rel.ctors
 *(.rel.ctors)

.rela.ctors
 *(.rela.ctors)

.rel.dtors
 *(.rel.dtors)

.rela.dtors
 *(.rela.dtors)

.rel.got
 *(.rel.got)

.rela.got
 *(.rela.got)

.rel.bss
 *(.rel.bss)

.rela.bss
 *(.rela.bss)

.rel.plt
 *(.rel.plt)

.rela.plt
 *(.rela.plt)

.text           0x00000000      0xe24
 *(.vectors)
 .vectors       0x00000000       0x54 c:/winavr-20100110/bin/../lib/gcc/avr/4.3.3/../../../../avr/lib/avr5/crtm32.o
                0x00000000                __vectors
                0x00000000                __vector_default
 *(.vectors)
 *(.progmem.gcc*)
 *(.progmem*)
                0x00000054                . = ALIGN (0x2)
                0x00000054                __trampolines_start = .
 *(.trampolines)
 .trampolines   0x00000054        0x0 linker stubs
 *(.trampolines*)
                0x00000054                __trampolines_end = .
 *(.jumptables)
 *(.jumptables*)
 *(.lowtext)
 *(.lowtext*)
                0x00000054                __ctors_start = .
 *(.ctors)
                0x00000054                __ctors_end = .
                0x00000054                __dtors_start = .
 *(.dtors)
                0x00000054                __dtors_end = .
 SORT(*)(.ctors)
 SORT(*)(.dtors)
 *(.init0)
 .init0         0x00000054        0x0 c:/winavr-20100110/bin/../lib/gcc/avr/4.3.3/../../../../avr/lib/avr5/crtm32.o
                0x00000054                __init
 *(.init0)
 *(.init1)
 *(.init1)
 *(.init2)
 .init2         0x00000054        0xc c:/winavr-20100110/bin/../lib/gcc/avr/4.3.3/../../../../avr/lib/avr5/crtm32.o
 *(.init2)
 *(.init3)
 *(.init3)
 *(.init4)
 .init4         0x00000060       0x16 c:/winavr-20100110/bin/../lib/gcc/avr/4.3.3/avr5\libgcc.a(_copy_data.o)
                0x00000060                __do_copy_data
 .init4         0x00000076       0x10 c:/winavr-20100110/bin/../lib/gcc/avr/4.3.3/avr5\libgcc.a(_clear_bss.o)
                0x00000076                __do_clear_bss
 *(.init4)
 *(.init5)
 *(.init5)
 *(.init6)
 *(.init6)
 *(.init7)
 *(.init7)
 *(.init8)
 *(.init8)
 *(.init9)
 .init9         0x00000086        0x8 c:/winavr-20100110/bin/../lib/gcc/avr/4.3.3/../../../../avr/lib/avr5/crtm32.o
 *(.init9)
 *(.text)
 .text          0x0000008e        0x4 c:/winavr-20100110/bin/../lib/gcc/avr/4.3.3/../../../../avr/lib/avr5/crtm32.o
                0x0000008e                __vector_1
                0x0000008e                __vector_12
                0x0000008e                __bad_interrupt
                0x0000008e                __vector_6
                0x0000008e                __vector_3
                0x0000008e                __vector_13
                0x0000008e                __vector_17
                0x0000008e                __vector_19
                0x0000008e                __vector_2
                0x0000008e                __vector_15
                0x0000008e                __vector_8
                0x0000008e                __vector_14
                0x0000008e                __vector_16
                0x0000008e                __vector_18
                0x0000008e                __vector_20
 .text          0x00000092        0x0 ./MC1_Test.o
 .text          0x00000092        0x0 ./Timer.o
 .text          0x00000092        0x0 ./gpio.o
 .text          0x00000092        0x0 ./keypad.o
 .text          0x00000092        0x0 ./lcd.o
 .text          0x00000092        0x0 ./uart.o
 .text          0x00000092        0x0 c:/winavr-20100110/bin/../lib/gcc/avr/4.3.3/avr5\libgcc.a(_udivmodsi4.o)
 .text          0x00000092        0x0 c:/winavr-20100110/bin/../lib/gcc/avr/4.3.3/avr5\libgcc.a(_exit.o)
 .text          0x00000092        0x0 c:/winavr-20100110/bin/../lib/gcc/avr/4.3.3/avr5\libgcc.a(_copy_data.o)
 .text          0x00000092        0x0 c:/winavr-20100110/bin/../lib/gcc/avr/4.3.3/avr5\libgcc.a(_clear_bss.o)
 .text          0x00000092        0x0 c:/winavr-20100110/bin/../lib/gcc/avr/4.3.3/../../../../avr/lib/avr5\libc.a(itoa.o)
 .text          0x00000092        0x0 c:/winavr-20100110/bin/../lib/gcc/avr/4.3.3/../../../../avr/lib/avr5\libc.a(strrev.o)
 .text          0x00000092        0x0 c:/winavr-20100110/bin/../lib/gcc/avr/4.3.3/avr5\libgcc.a(_udivmodhi4.o)
                0x00000092                . = ALIGN (0x2)
 *(.text.*)
 .text.timer1HandlerCallBack
                0x00000092        0xc ./MC1_Test.o
                0x00000092                timer1HandlerCallBack
 .text.openDoorOperation
                0x0000009e       0x5c ./MC1_Test.o
                0x0000009e                openDoorOperation
 .text.mainOptions
                0x000000fa       0x1e ./MC1_Test.o
                0x000000fa                mainOptions
 .text.getPass  0x00000118       0x7a ./MC1_Test.o
                0x00000118                getPass
 .text.setPassFirstTime
                0x00000192       0xc6 ./MC1_Test.o
                0x00000192                setPassFirstTime
 .text.main     0x00000258      0x182 ./MC1_Test.o
                0x00000258                main
 .text.__vector_11
                0x000003da       0x52 ./Timer.o
                0x000003da                __vector_11
 .text.__vector_10
                0x0000042c       0x52 ./Timer.o
                0x0000042c                __vector_10
 .text.__vector_9
                0x0000047e       0x52 ./Timer.o
                0x0000047e                __vector_9
 .text.__vector_7
                0x000004d0       0x52 ./Timer.o
                0x000004d0                __vector_7
 .text.__vector_5
                0x00000522       0x52 ./Timer.o
                0x00000522                __vector_5
 .text.__vector_4
                0x00000574       0x52 ./Timer.o
                0x00000574                __vector_4
 .text.Timer_deInit
                0x000005c6       0x5a ./Timer.o
                0x000005c6                Timer_deInit
 .text.Timer_setCallBack
                0x00000620       0x20 ./Timer.o
                0x00000620                Timer_setCallBack
 .text.Timer_init
                0x00000640       0xfc ./Timer.o
                0x00000640                Timer_init
 .text.GPIO_setupPinDirection
                0x0000073c       0xe8 ./gpio.o
                0x0000073c                GPIO_setupPinDirection
 .text.GPIO_writePin
                0x00000824       0xe8 ./gpio.o
                0x00000824                GPIO_writePin
 .text.GPIO_readPin
                0x0000090c       0x3c ./gpio.o
                0x0000090c                GPIO_readPin
 .text.GPIO_setupPortDirection
                0x00000948       0x26 ./gpio.o
                0x00000948                GPIO_setupPortDirection
 .text.GPIO_writePort
                0x0000096e       0x26 ./gpio.o
                0x0000096e                GPIO_writePort
 .text.GPIO_readPort
                0x00000994       0x2a ./gpio.o
                0x00000994                GPIO_readPort
 .text.KEYPAD_getPressedKey
                0x000009be      0x136 ./keypad.o
                0x000009be                KEYPAD_getPressedKey
 .text.LCD_displayCharacter
                0x00000af4       0x52 ./lcd.o
                0x00000af4                LCD_displayCharacter
 .text.LCD_displayString
                0x00000b46       0x26 ./lcd.o
                0x00000b46                LCD_displayString
 .text.LCD_intgerToString
                0x00000b6c       0x44 ./lcd.o
                0x00000b6c                LCD_intgerToString
 .text.LCD_sendCommand
                0x00000bb0       0x52 ./lcd.o
                0x00000bb0                LCD_sendCommand
 .text.LCD_clearScreen
                0x00000c02        0x8 ./lcd.o
                0x00000c02                LCD_clearScreen
 .text.LCD_moveCursor
                0x00000c0a       0x26 ./lcd.o
                0x00000c0a                LCD_moveCursor
 .text.LCD_displayStringRowColumn
                0x00000c30       0x16 ./lcd.o
                0x00000c30                LCD_displayStringRowColumn
 .text.LCD_init
                0x00000c46       0x4c ./lcd.o
                0x00000c46                LCD_init
 .text.UART_init
                0x00000c92       0x68 ./uart.o
                0x00000c92                UART_init
 .text.UART_sendByte
                0x00000cfa        0x8 ./uart.o
                0x00000cfa                UART_sendByte
 .text.UART_recieveByte
                0x00000d02        0x8 ./uart.o
                0x00000d02                UART_recieveByte
 .text.UART_sendString
                0x00000d0a       0x1a ./uart.o
                0x00000d0a                UART_sendString
 .text.UART_receiveString
                0x00000d24       0x2e ./uart.o
                0x00000d24                UART_receiveString
 .text.libgcc   0x00000d52       0x44 c:/winavr-20100110/bin/../lib/gcc/avr/4.3.3/avr5\libgcc.a(_udivmodsi4.o)
                0x00000d52                __udivmodsi4
 .text.libgcc   0x00000d96        0x0 c:/winavr-20100110/bin/../lib/gcc/avr/4.3.3/avr5\libgcc.a(_exit.o)
 .text.libgcc   0x00000d96        0x0 c:/winavr-20100110/bin/../lib/gcc/avr/4.3.3/avr5\libgcc.a(_copy_data.o)
 .text.libgcc   0x00000d96        0x0 c:/winavr-20100110/bin/../lib/gcc/avr/4.3.3/avr5\libgcc.a(_clear_bss.o)
 .text.avr-libc
                0x00000d96       0x42 c:/winavr-20100110/bin/../lib/gcc/avr/4.3.3/../../../../avr/lib/avr5\libc.a(itoa.o)
                0x00000d96                itoa
 .text.avr-libc
                0x00000dd8       0x20 c:/winavr-20100110/bin/../lib/gcc/avr/4.3.3/../../../../avr/lib/avr5\libc.a(strrev.o)
                0x00000dd8                strrev
 .text.libgcc   0x00000df8       0x28 c:/winavr-20100110/bin/../lib/gcc/avr/4.3.3/avr5\libgcc.a(_udivmodhi4.o)
                0x00000df8                __udivmodhi4
                0x00000e20                . = ALIGN (0x2)
 *(.fini9)
 .fini9         0x00000e20        0x0 c:/winavr-20100110/bin/../lib/gcc/avr/4.3.3/avr5\libgcc.a(_exit.o)
                0x00000e20                exit
                0x00000e20                _exit
 *(.fini9)
 *(.fini8)
 *(.fini8)
 *(.fini7)
 *(.fini7)
 *(.fini6)
 *(.fini6)
 *(.fini5)
 *(.fini5)
 *(.fini4)
 *(.fini4)
 *(.fini3)
 *(.fini3)
 *(.fini2)
 *(.fini2)
 *(.fini1)
 *(.fini1)
 *(.fini0)
 .fini0         0x00000e20        0x4 c:/winavr-20100110/bin/../lib/gcc/avr/4.3.3/avr5\libgcc.a(_exit.o)
 *(.fini0)
                0x00000e24                _etext = .

.data           0x00800060       0x90 load address 0x00000e24
                0x00800060                PROVIDE (__data_start, .)
 *(.data)
 .data          0x00800060        0x0 c:/winavr-20100110/bin/../lib/gcc/avr/4.3.3/../../../../avr/lib/avr5/crtm32.o
 .data          0x00800060       0x81 ./MC1_Test.o
 .data          0x008000e1        0x0 ./Timer.o
 .data          0x008000e1        0x0 ./gpio.o
 .data          0x008000e1        0x0 ./keypad.o
 .data          0x008000e1        0x0 ./lcd.o
 .data          0x008000e1        0x0 ./uart.o
 .data          0x008000e1        0x0 c:/winavr-20100110/bin/../lib/gcc/avr/4.3.3/avr5\libgcc.a(_udivmodsi4.o)
 .data          0x008000e1        0x0 c:/winavr-20100110/bin/../lib/gcc/avr/4.3.3/avr5\libgcc.a(_exit.o)
 .data          0x008000e1        0x0 c:/winavr-20100110/bin/../lib/gcc/avr/4.3.3/avr5\libgcc.a(_copy_data.o)
 .data          0x008000e1        0x0 c:/winavr-20100110/bin/../lib/gcc/avr/4.3.3/avr5\libgcc.a(_clear_bss.o)
 .data          0x008000e1        0x0 c:/winavr-20100110/bin/../lib/gcc/avr/4.3.3/../../../../avr/lib/avr5\libc.a(itoa.o)
 .data          0x008000e1        0x0 c:/winavr-20100110/bin/../lib/gcc/avr/4.3.3/../../../../avr/lib/avr5\libc.a(strrev.o)
 .data          0x008000e1        0x0 c:/winavr-20100110/bin/../lib/gcc/avr/4.3.3/avr5\libgcc.a(_udivmodhi4.o)
 *(.data*)
 *(.rodata)
 *(.rodata*)
 .rodata.C.1.1385
                0x008000e1        0x8 ./MC1_Test.o
 .rodata.C.0.1384
                0x008000e9        0x7 ./MC1_Test.o
 *(.gnu.linkonce.d*)
                0x008000f0                . = ALIGN (0x2)
                0x008000f0                _edata = .
                0x008000f0                PROVIDE (__data_end, .)

.bss            0x008000f0       0x11
                0x008000f0                PROVIDE (__bss_start, .)
 *(.bss)
 .bss           0x008000f0        0x0 c:/winavr-20100110/bin/../lib/gcc/avr/4.3.3/../../../../avr/lib/avr5/crtm32.o
 .bss           0x008000f0        0x0 ./MC1_Test.o
 .bss           0x008000f0        0x0 ./Timer.o
 .bss           0x008000f0        0x0 ./gpio.o
 .bss           0x008000f0        0x0 ./keypad.o
 .bss           0x008000f0        0x0 ./lcd.o
 .bss           0x008000f0        0x0 ./uart.o
 .bss           0x008000f0        0x0 c:/winavr-20100110/bin/../lib/gcc/avr/4.3.3/avr5\libgcc.a(_udivmodsi4.o)
 .bss           0x008000f0        0x0 c:/winavr-20100110/bin/../lib/gcc/avr/4.3.3/avr5\libgcc.a(_exit.o)
 .bss           0x008000f0        0x0 c:/winavr-20100110/bin/../lib/gcc/avr/4.3.3/avr5\libgcc.a(_copy_data.o)
 .bss           0x008000f0        0x0 c:/winavr-20100110/bin/../lib/gcc/avr/4.3.3/avr5\libgcc.a(_clear_bss.o)
 .bss           0x008000f0        0x0 c:/winavr-20100110/bin/../lib/gcc/avr/4.3.3/../../../../avr/lib/avr5\libc.a(itoa.o)
 .bss           0x008000f0        0x0 c:/winavr-20100110/bin/../lib/gcc/avr/4.3.3/../../../../avr/lib/avr5\libc.a(strrev.o)
 .bss           0x008000f0        0x0 c:/winavr-20100110/bin/../lib/gcc/avr/4.3.3/avr5\libgcc.a(_udivmodhi4.o)
 *(.bss*)
 .bss.pass_cmp_result
                0x008000f0        0x1 ./MC1_Test.o
                0x008000f0                pass_cmp_result
 .bss.key       0x008000f1        0x1 ./MC1_Test.o
                0x008000f1                key
 .bss.i         0x008000f2        0x1 ./MC1_Test.o
                0x008000f2                i
 .bss.j         0x008000f3        0x1 ./MC1_Test.o
                0x008000f3                j
 .bss.numberOfWrongPass
                0x008000f4        0x1 ./MC1_Test.o
                0x008000f4                numberOfWrongPass
 .bss.g_seconds
                0x008000f5        0x1 ./MC1_Test.o
                0x008000f5                g_seconds
 .bss.g_callBackPtr0
                0x008000f6        0x2 ./Timer.o
 .bss.g_callBackPtr2
                0x008000f8        0x2 ./Timer.o
 .bss.g_callBackPtr1
                0x008000fa        0x2 ./Timer.o
 *(COMMON)
 COMMON         0x008000fc        0x5 ./MC1_Test.o
                0x008000fc                input_pass
                0x00800101                PROVIDE (__bss_end, .)
                0x00000e24                __data_load_start = LOADADDR (.data)
                0x00000eb4                __data_load_end = (__data_load_start + SIZEOF (.data))

.noinit         0x00800101        0x0
                0x00800101                PROVIDE (__noinit_start, .)
 *(.noinit*)
                0x00800101                PROVIDE (__noinit_end, .)
                0x00800101                _end = .
                0x00800101                PROVIDE (__heap_start, .)

.eeprom         0x00810000        0x0
 *(.eeprom*)
                0x00810000                __eeprom_end = .

.fuse
 *(.fuse)
 *(.lfuse)
 *(.hfuse)
 *(.efuse)

.lock
 *(.lock*)

.signature
 *(.signature*)

.stab
 *(.stab)

.stabstr
 *(.stabstr)

.stab.excl
 *(.stab.excl)

.stab.exclstr
 *(.stab.exclstr)

.stab.index
 *(.stab.index)

.stab.indexstr
 *(.stab.indexstr)

.comment
 *(.comment)

.debug
 *(.debug)

.line
 *(.line)

.debug_srcinfo
 *(.debug_srcinfo)

.debug_sfnames
 *(.debug_sfnames)

.debug_aranges
 *(.debug_aranges)

.debug_pubnames
 *(.debug_pubnames)

.debug_info
 *(.debug_info)
 *(.gnu.linkonce.wi.*)

.debug_abbrev
 *(.debug_abbrev)

.debug_line
 *(.debug_line)

.debug_frame
 *(.debug_frame)

.debug_str
 *(.debug_str)

.debug_loc
 *(.debug_loc)

.debug_macinfo
 *(.debug_macinfo)
OUTPUT(Final_Project_MC1_HMI_ECU.elf elf32-avr)
LOAD linker stubs
